
> qr-generator-studio@2.0.2 build
> next build

Ôû▓ Next.js 16.1.0 (Turbopack)
- Environments: .env.local

  Creating an optimized production build ...
Ô£ô Compiled successfully in 7.0s
  Running TypeScript ...
node.exe : Failed to compile.
En línea: 1 Carácter: 1
+ & "C:\Program 
Files\nodejs/node.exe" "C:\Use
rs\henry\AppData\Roaming\ ...
+ ~~~~~~~~~~~~~~~~~~~~~~~~~~~~
~~~~~~~~~~~~~~~~~~~~~~~~~~~~~~
~~~~~~~~~~~
    + CategoryInfo          : 
    NotSpecified: (Failed to  
   compile.:String) [], Rem   
 oteException
    + FullyQualifiedErrorId : 
    NativeCommandError
 

./components/UserDashboard.tsx
:506:93
Type error: Cannot find name 
'formatHoursMinutes'.

[0m [90m 504 |[39m         
                    
[33mSemana[39m del 
{[36mnew[39m [33mDate[39m(
weekStart)[33m.[39mtoLocaleD
ateString([32m'es-ES'[39m[3
3m,[39m { day[33m:[39m [32
m'numeric'[39m[33m,[39m 
month[33m:[39m 
[32m'short'[39m })}
 [90m 505 |[39m             
              [33m<[39m[33m
/[39m[33mp[39m[33m>[39m
[31m[1m>[22m[39m[90m 506 
|[39m                        
   [33m<[39m[33mp[39m clas
sName[33m=[39m[32m"text-xs 
font-bold text-zinc-900 dark:t
ext-zinc-50"[39m[33m>[39m{f
ormatHoursMinutes(totalHours)}
 [33mTotal[39m[33m<[39m[3
3m/[39m[33mp[39m[33m>[39m
 [90m     |[39m             
                              
                              
                    
[31m[1m^[22m[39m
 [90m 507 |[39m             
            [33m<[39m[33m/
[39m[33mdiv[39m[33m>[39m
 [90m 508 |[39m             
            
[33m<[39m[33mdiv[39m class
Name[33m=[39m[32m"rounded-f
ull bg-blue-50 px-2 py-0.5 
text-[10px] font-bold 
text-blue-600 
dark:bg-blue-900/20 dark:text-
blue-400"[39m[33m>[39m
 [90m 509 |[39m             
              
{records[33m.[39mlength} 
registros[0m
Next.js build worker exited 
with code: 1 and signal: null
